// Vitest Snapshot v1, https://vitest.dev/guide/snapshot.html

exports[`+ EyebrowComponent unit test > should render properly 1`] = `"<span class="eyebrow"><time></time> in <span>entertainment</span></span>"`;
